---
source: src/tests/log.rs
expression: ctx.redact_buffer()
---
Buffer {
    area: Rect { x: 0, y: 0, width: 80, height: 20 },
    content: [
        "▌On branch main                                                                 ",
        "▌Your branch is ahead of 'origin/main' by 2 commit.                             ",
        "                                                                                ",
        " Recent commits                                                                 ",
        " _______ main add this-should-not-be-visible                                    ",
        " _______ add this-should-be-at-the-top                                          ",
        " _______ origin/main add initial-file                                           ",
        "                                                                                ",
        "                                                                                ",
        "                                                                                ",
        "                                                                                ",
        "                                                                                ",
        "                                                                                ",
        "                                                                                ",
        "                                                                                ",
        "                                                                                ",
        "                                                                                ",
        "                                                                                ",
        "────────────────────────────────────────────────────────────────────────────────",
        "Failed due to: InvalidSpec                                                      ",
    ],
    styles: [
        x: 0, y: 0, fg: Blue, bg: Reset, underline: Reset, modifier: BOLD,
        x: 1, y: 0, fg: Yellow, bg: Reset, underline: Reset, modifier: BOLD,
        x: 0, y: 1, fg: Blue, bg: Reset, underline: Reset, modifier: DIM,
        x: 1, y: 1, fg: Reset, bg: Reset, underline: Reset, modifier: NONE,
        x: 1, y: 3, fg: Yellow, bg: Reset, underline: Reset, modifier: NONE,
        x: 0, y: 4, fg: Reset, bg: Reset, underline: Reset, modifier: NONE,
        x: 1, y: 4, fg: Yellow, bg: Reset, underline: Reset, modifier: NONE,
        x: 8, y: 4, fg: Reset, bg: Reset, underline: Reset, modifier: NONE,
        x: 9, y: 4, fg: Green, bg: Reset, underline: Reset, modifier: NONE,
        x: 13, y: 4, fg: Reset, bg: Reset, underline: Reset, modifier: NONE,
        x: 1, y: 5, fg: Yellow, bg: Reset, underline: Reset, modifier: NONE,
        x: 8, y: 5, fg: Reset, bg: Reset, underline: Reset, modifier: NONE,
        x: 1, y: 6, fg: Yellow, bg: Reset, underline: Reset, modifier: NONE,
        x: 8, y: 6, fg: Reset, bg: Reset, underline: Reset, modifier: NONE,
        x: 9, y: 6, fg: Red, bg: Reset, underline: Reset, modifier: NONE,
        x: 20, y: 6, fg: Reset, bg: Reset, underline: Reset, modifier: NONE,
        x: 0, y: 18, fg: Reset, bg: Reset, underline: Reset, modifier: DIM,
        x: 0, y: 19, fg: Red, bg: Reset, underline: Reset, modifier: BOLD,
        x: 26, y: 19, fg: Reset, bg: Reset, underline: Reset, modifier: NONE,
    ]
}
